// Jest Snapshot v1, https://goo.gl/fbAQLP

exports[`работа MobileClient 1`] = `
<tr>
  <td>
    Иванов
  </td>
  <td>
    Иван
  </td>
  <td>
    Иванович
  </td>
  <td>
    200
  </td>
  <td
    className="Active"
  >
    Active
  </td>
  <td>
    <input
      className="Edit"
      onClick={[Function]}
      type="button"
      value="Редактировать"
    />
  </td>
  <td>
     
    <input
      className="Delete"
      onClick={[Function]}
      type="button"
      value="Удалить"
    />
     
  </td>
</tr>
`;

exports[`работа MobileClient 2`] = `
<tr>
  <td>
    Иванов
  </td>
  <td>
    Иван
  </td>
  <td>
    Иванович
  </td>
  <td>
    200
  </td>
  <td
    className="Active"
  >
    Active
  </td>
  <td>
    <input
      className="Edit"
      onClick={[Function]}
      type="button"
      value="Редактировать"
    />
  </td>
  <td>
     
    <input
      className="Delete"
      onClick={[Function]}
      type="button"
      value="Удалить"
    />
     
  </td>
</tr>
`;

exports[`работа MobileClient 3`] = `
<tr>
  <td>
    Иванов
  </td>
  <td>
    Иван
  </td>
  <td>
    Иванович
  </td>
  <td>
    200
  </td>
  <td
    className="Active"
  >
    Active
  </td>
  <td>
    <input
      className="Edit"
      onClick={[Function]}
      type="button"
      value="Редактировать"
    />
  </td>
  <td>
     
    <input
      className="Delete"
      onClick={[Function]}
      type="button"
      value="Удалить"
    />
     
  </td>
</tr>
`;
